{
  "model_name": "onnx",
  "model_version": "1",
  "outputs": [
    {
      "data": [
        -8.233053207397461,
        -7.749701976776123,
        -3.4236819744110107,
        12.363025665283203,
        -12.07910442352295,
        17.266592025756836,
        -10.570975303649902,
        0.7130780220031738,
        3.3217153549194336,
        1.3621225357055664
      ],
      "datatype": "FP32",
      "name": "Plus214_Output_0",
      "shape": [
        1,
        10
      ]
    }
  ]
}
