{
  "id": "xgboost",
  "model_name": "xgboost",
  "model_version": "v1.0.0",
  "outputs": [
    {
      "data": [
        1.0,
        1.0
      ],
      "datatype": "FP32",
      "name": "predict",
      "parameters": {
        "content_type": "np"
      },
      "shape": [
        2,
        1
      ]
    }
  ],
  "parameters": {}
}
