{
  "id": "test1",
  "modelName": "densenetplan",
  "modelVersion": "1",
  "outputs": [
    {
      "datatype": "FP32",
      "name": "fc6_1",
      "shape": [
        "1000"
      ]
    }
  ],
  "rawOutputContents": [
    "XKLswc2UFMFxnVjBbmYZwlEonsGl/UbAcwsFwgdcScHVCR/BwlyHwb9DF8GuZ97AVy4kwZe9rcEZ4k/Bv4gIwTJ988Alvj7Bbq4fwbW17sHBjW7BS79vwV2OP8HBNKTBRu5TwYNxucGiBgTCiJb7wdzCpcG8rczBSK3cwZitvsFaKKbBShhewc9FrkDilozBJtjgv8LkzT/9sA9BI2tkwdvmXMHFRhXBcUiSwJSefcGTLIfBzh5KwQXNKEAwC0PBM9jpwRMawMEqeSLBheSNQEzPUEGVxO5AVNFPQCLRDUCdT/lBufvkwHxnasEeo+E86PPYQVTiPcEwaHTBI+CpQF/EI8H+v4fB5ocfQWlcAED3ys4+v5fuwS6xScHOAMW/ATYEwZtWUECfg63A9PMUQf6b6L9V2g9AHDbTwFHrC0E+0wvCu5YJwm7ic8AuWFjBqUcRwoUSA8LjAobBviNfwUOih8GnsNvBQ5R/wcRtC8JBBojATMBDwebR5z+Yc7rB2LGNwLMJ0MAhxGHBl76mwIy13sBUiwnCAj/QwVO3AcJaz5PBj7i0wUKzCsISYr/Bv79WwV+VC8AfcyTCY91Rwbqc60B88ePAlO6rwaIMvMGO9AXCKe+NvmdhLcAwE4nA0JuNwaU/GT+Dc41AqcZxwTqoAsHX3vrBqjiFwQ9Gz8H1daPBUmiXwbNSTcEP+gXCMPG7wXMPZsCdrATCOVBCwWczQcFbNszAWpcCwtWnpUDpSJjBPEbdPzIRQcH6o2rA3pnYwQf1r8GYapnBSnC6wYZH8cEctOPBjbO6wTywuzziwOlAsdtWQRK8TcC87yrAgYypwLXrKkLCNLa+TsLdwNKwMkCNeojAx5yuwLRF2cAlP6bB24N2wMXQ1sFXPprBpURhwQnYGcG9IsnBnnh+wbpsp8GVqTbBObK+v+FkJkE4hbW+7GlbwajODcEqe5PBWM4LwjM8774h3YHBlrENQd0Lor+UZRrAv+kNwIzhCUG+ZkBAYs4Swf6cTsB/3zlARBNTwMYYlkDtgsi8KDY1wT4RRT6LP/xAU/fhQFD67z+G+IhBwbaEwGScV0Gy0bi9iNutQF7OO8G/56TBb340wVwIk8Ew/5zBwv+jwbd92r+MmcrBnBwmwcHBLcGuSHHBSrwJQRoYwMCmRR3Bs8ZlQKH0S0F8eilBGnanwPYVW0DbRR3BENPxwOLJrUHQIyi/6EJiQYhsF0EjfJNBqfICQXAep8Bpb49AM/YhwfUfmECexNnAf2PxP3gqTsGq32JB9iSTv07Bjb6NM87AyG0VwayIukA3a85AmWiBwWiD/cBVmZxANo2IP+v7NUCzNzrBSJWswOcx1kEcd5nABCR/wX71m0DD7izB+Uz8QBHPzECC0vs/S6KaP9c04r7OUoZBHZe0QWmpp0FOjGZB0+WlQQqVrcHtZ57BQ7TawTQEYMEsXTnBcTWGwdE278CPZibBWtrJwTe6PsALYsDBJgkzwaJ9nMFrvY9ByWAVQYoMnD96OL/BhkaAPyAa5sHjk/7AdN0rwfjchcHSmprBRDWTwS0ZicGuImVA0++2wQx388F0E7/B+73Bwa8nm8FZc9LB7bYDwf+dqsBxKWFA1phNQVCgkMHT4KLBFFbOwK1lq0AtNfbAfRWDwfa3uEHfI0VBPL6gQet6tsB6m7TAuaOtwIXiEMK3xZrBo4F2wfV3WkDTY+rAkWEbQfNokMEiu5RBYN2ywbsdE8FjH8C/lNiKQcPjqr/W4ebB15ZAwDdIsMAysdhAk4TGv9g21MHnVDrBl7wTwtnnBsK4wJTBiIbIwRAZZ8GIjd/BnFm0wd8qHMLv7BPCUOICwjJyLMKnx/XB/bTOwV3OEMIDVP7BfaIFwkBjfMHlsDPB3wu0wflWoMFBxqvBtSaWwfAiU8FQNATB+VgOwsd1n8F+zwvCyW8zwd8eLMHmxjjBLWDNwSiFCcHOPB/BJIlBwSzR+8GwWOzBKF/gwGd/GMFf1ezBvzEdwmNqBsIvB4XBFT3gwFPf28FtlzXBpdvVwV+3MsAqSIXB5b+7wdYoy8E+npfBfOFWwUdDB8J2yZjBX/xSwUcQFMIOnETBDBGKwbfpgMEmfMLB0uaZwZy8vMEGOvFBUphXweftrEDLB4pAxnlDQZL818EzyhxBaupFQSY3V8EkP5lBPgYewa3Vg0KUvaXBgDtuQc3JiEH1U/A+FDb9QPvNP0DORNvAztIdQncKt0GRhWY/wkAKwYLorjywTK9BX23jQdj8pL+vnarBl7tXQQyufkF81ilAXqDxQJh5M8FiwAVCqF8FQcKS7sHgyf/BwgC1v42FrUEh0Z9AfRKFQW+Yj0DZ63BB/NCxQc9dfUF3XJnA2dvsQHBdUz9h039BLKIOQXcxIcE7/sjBMVMNwECxEMELfzXB/6iqQLgDVkFHL5e/JF+oQS/NMkJlVqzBe0tPQbiOTsEH5tpAD6ijQPfgqEHTittBGFoTwdO7yL/g81fBDF2FQf2cjEHr47lBsvIOwbKwMsFEi51AwDWEwc/MQUE0qgDByFQvwaWRG0DiCjhC2r5DvmCkwkDUGDRBkLXowPJgh0CMt8tBHvEKQVxpykBqe5tBWK07QbuExkAnFGHBCt0awRfjB8EeqIJBojCPQObutMHjBw3BX/m3QXDctUALgIjBBiyFwd9Tqr+xJwBCa2lxQqU1VkLiuBxCp2L0QGLqVUFuWkJA1tpuwVwVaMBEW3NBgBzaQP1IPcFXRKe/jZkJQkv+ncCHoN1BgXlkwaYhX0G52NVB29LLQbmvAUHihT+/hsjCwJRuBEIT9hhCe3LYPx7PnMFUm2VC4nOXQaZkHkKIsBs/7tjDQYG+6UEP2JjBjmGRwV7qwkFS1nC+ddbXwRD0+UEyxchBybUqQiZSwkAlI/JB2e6BQdFzq8FYeCtB1XyYQRwATULqx8xBi+h/QfLllkHqwTDBDRheQYKeGkH18J1AZOL1vtx2L0KU2rNBRTQrwGgR1cD+H9NAY7wtwReHbkGJ9tVAgiq8QR8bkMAvbZDBnJNTQVlUK0G+e/JBkU0XQBRt7kEp0BnAephMwRgyvkErNWFBIIlJQNdcQMGjS6ZB2AeAQemCT8BMjOtBdrtUQaj1AEEYRm9A3h2SQS5I1b6AjJZAUE0NQZZC7UCXtb7ATgaQP57HSMFvTbdAAdGbwYW/wUFnTclBmK7RQUrLWEFsuMJA4wLiwaX6xkF/PxtCy6KLv55PIr9QeLZAbzbGQXRiE0Ew+Mo/6vvVQIt1EkGSPLi/BcB4QWCqAkK4LR9Bnfv5QC11cEJpxnVB/RBMwTZ7l0B6r8zACfyiQR09hcEv3jBBsBqcQQW428HUSTZBdGIBwcmFlEEzRUBCrIhWQY7YEsIz+r9BdaseQcuTGsCWTOhB8IT2wPq7pMEplRhCobyxQRTjAkGVC9NBsFovvjMs1UEKxMZBJt/swJHPC8G0mgFCaqbHQWugxsDWcjrBkyeBQRogIkFp2x9AtGAZQbMHpUGjSKxBqli2wRuRGEEVO2rB2uPnwJZL/UGYp+TASjZOQYH2REGeqqnAd/RSwZ/iJEHZxwS/S5ehQBV9vEER+fhAzl0GwrxlskF464dAIy9FPtWPikGPyKhBijIGQivvUsFvAo1BCf9sQAmMhEEbxB4/bExAwQkzocCFBpPA5Pn6wQOJ2b6ZG4BB+FUYP3RXtr++rIc+HQ5JwD9s3cDXj//A7mimQAssacBIyqlBXtuwwLBNXrxn8sU/qIGcPzq0I0H0UL7A1UzSQNH8tcBE+upBm5mHQauJ6sDykbFBQ0+kQFw4AsIeVzrBYu++Qa9heUH+rQM/YA8kQWhchEHAS1NCJT83QtysZMEPYARCPbEeweAD20FwThzBRCPcQYUGvsAW5hVBgdixPp6e3EHspmNBFpTXwP+C8UEUikBBWkMgwD9HukCfcCPBchimwULO2EHpE1fButAwQa/omUE/mpZBoHK6QRNftcHLGrM/C4DUPovcc0EDEt9AhIH6wOGET0LpqeO/IfBfwVUjJ8CZGZpBf8YoQeOV08FLyNtBtoQdQfaQAMIXnsvAuQkIQucrA0LIfArAf1OnQUIwm0HCLTLBekGkvyjAej/PtPVBsWsPQb5vXsGJZh5AZXnBwKxGt0H9FoNAWwgnwXvnBkIrshNCU259QdNjWsGR24NBnJIGQZpGuUHCeTHA2NNeQXxtyED1KmBBqQavQYipnMEoM2rAiBePQUZU1MB4LCfALvoCwaCHP0HeiKRBj0YVQGhLPsGVwULABuCHQcPOc0Hgc5K/m0aeQbSVG79GwlxBEEr+P6evhkFF+RHBRqOoQSu7JcH3dQRBqjeiwMmClUCHijtClkkEQZnhXsEC4IFAu/fRQf+SokEB9V5BeyDywG2syUH7OPhBk8bIQTtx+MBT+idBLystQVRnRMFP1pbBQjB9wfN328EFPv1BbLl0QctUfkEZDKFAwm68QVI5g0CYVi9BwSL0QKrFQ0F2/T5Bjtg4QuuUvMHNfc9Apn9qQsDpN0EN+xhCUTL8QbvEQkCuUdJAizerQEykAcH3rlPARx6kwTDeK0LljeBAuh0cv4lNDkEGNonARrgbQf7Vzz+diRfBvHdnwY9FOUJzU5TAw2qkQRK2FcGsBbVBa70fQDyYqsHUTjBBbqRxwZ2M0EEvA4/Bc5ulQfJ+gsDkwqLA1U24QSqVlUFa1Kg/k1ahwX3aWkFvynPBHowtQaEnzUCf2m7A3xM9QW1B8kGPegzBV9ESQWDwk0FVpIBB9rvLQROtFELLsSZCZ1vRQISpAcElFCNCOHu7QaRiQ0Hdq1FBzxsiwcrYjEFjzrVBN5TWQTjyyz/jTe5AYYQkwR8vCMLy5/zBrDoGQDG/QUKFKA9B2nXcQY/b40ED7tlBIAwlwccLUkGfzTRBCoelQJ4Z/EBmlvXAthQLwcZeVUGjt4BAb/7VQFItkEGNSKhBLOCvwFp4CEELkxZA7pn8vp2kwEFhXBZBHy5Dv+5BOMHiTqvBcYAtQBZ3lj/GdFrAPhuZvuELG8G4tm9B3ammQegGlUGy2rVBuXGKQaCAV0HQjhHBcyEEQojc6UAcI71ABtMGQe1sb8AjtAlBpYh0QRz6zcA7cQhBcpEGwaR5RkClDRvB90wIQrxDLEJgsn9CrQgAQsKfxsCgSuNANtziP8uwDMEGdYDBTzsJwcV9QcEw9idBJIEcv8EXJcFYBzHBIEKAwMAGl0H9IVvAJL50wNlgoEGk/gnCpk6iQZU4i79Bo4jBK/9gv8MCu8HDD4HBzTz5wfNvBcK7e1/BbriwQFfqvcGwhpJA4m5TwQ=="
  ]
}
